node.exe : 
(node:12968) 
ExperimentalWarning: 
CommonJS module 
C:\Program Files\node
js\node_modules\npm\n
ode_modules\debug\src
\node.js is loading 
ES Module C:\Program 
Files\nodejs\node_mod
ules\npm\node_modules
\supports-color\index
.js using require().
At C:\Program Files\n
odejs\npx.ps1:29 
char:3
+   & $NODE_EXE 
$NPX_CLI_JS $args
+   ~~~~~~~~~~~~~~~~~
~~~~~~~~~~~~
    + CategoryInfo   
           : NotSpe  
  cified: ((node:1   
 2968) Ex...sing     
require().:Strin    
g) [], RemoteExc    
eption
    + FullyQualified 
   ErrorId : Native  
  CommandError
 
Support for loading 
ES Module in 
require() is an 
experimental feature 
and might change at 
any time
(Use `node 
--trace-warnings 
...` to show where 
the warning was 
created)
   Γû▓ Next.js 15.5.12

   Creating an optimized production build ...
Failed to compile.

./src/app/dashboard/l
ayout.tsx + 1 modules
Unexpected end of 
JSON input

./src/app/dashboard/p
olicies/[id]/page.tsx
 + 5 modules
Unexpected end of 
JSON input


> Build failed 
because of webpack 
errors
